08-May-2026 13:37:16.241 INFO [main] org.apache.catalina.startup.VersionLoggerListener.log Server version name:   Apache Tomcat/10.1.34
08-May-2026 13:37:16.251 INFO [main] org.apache.catalina.startup.VersionLoggerListener.log Server built:          Dec 5 2024 16:01:16 UTC
08-May-2026 13:37:16.251 INFO [main] org.apache.catalina.startup.VersionLoggerListener.log Server version number: 10.1.34.0
08-May-2026 13:37:16.251 INFO [main] org.apache.catalina.startup.VersionLoggerListener.log OS Name:               Linux
08-May-2026 13:37:16.251 INFO [main] org.apache.catalina.startup.VersionLoggerListener.log OS Version:            6.17.0-22-generic
08-May-2026 13:37:16.251 INFO [main] org.apache.catalina.startup.VersionLoggerListener.log Architecture:          amd64
08-May-2026 13:37:16.252 INFO [main] org.apache.catalina.startup.VersionLoggerListener.log Java Home:             /usr/lib/jvm/java-17-openjdk-amd64
08-May-2026 13:37:16.252 INFO [main] org.apache.catalina.startup.VersionLoggerListener.log JVM Version:           17.0.18+8-Ubuntu-124.04.1
08-May-2026 13:37:16.252 INFO [main] org.apache.catalina.startup.VersionLoggerListener.log JVM Vendor:            Ubuntu
08-May-2026 13:37:16.252 INFO [main] org.apache.catalina.startup.VersionLoggerListener.log CATALINA_BASE:         /home/gajendra-singh-bislawat/Desktop/spring-realestate-api-main/tomcat-server/apache-tomcat-10.1.34
08-May-2026 13:37:16.252 INFO [main] org.apache.catalina.startup.VersionLoggerListener.log CATALINA_HOME:         /home/gajendra-singh-bislawat/Desktop/spring-realestate-api-main/tomcat-server/apache-tomcat-10.1.34
08-May-2026 13:37:16.271 INFO [main] org.apache.catalina.startup.VersionLoggerListener.log Command line argument: -Djava.util.logging.config.file=/home/gajendra-singh-bislawat/Desktop/spring-realestate-api-main/tomcat-server/apache-tomcat-10.1.34/conf/logging.properties
08-May-2026 13:37:16.272 INFO [main] org.apache.catalina.startup.VersionLoggerListener.log Command line argument: -Djava.util.logging.manager=org.apache.juli.ClassLoaderLogManager
08-May-2026 13:37:16.272 INFO [main] org.apache.catalina.startup.VersionLoggerListener.log Command line argument: -Djdk.tls.ephemeralDHKeySize=2048
08-May-2026 13:37:16.273 INFO [main] org.apache.catalina.startup.VersionLoggerListener.log Command line argument: -Djava.protocol.handler.pkgs=org.apache.catalina.webresources
08-May-2026 13:37:16.273 INFO [main] org.apache.catalina.startup.VersionLoggerListener.log Command line argument: -Dorg.apache.catalina.security.SecurityListener.UMASK=0027
08-May-2026 13:37:16.273 INFO [main] org.apache.catalina.startup.VersionLoggerListener.log Command line argument: --add-opens=java.base/java.lang=ALL-UNNAMED
08-May-2026 13:37:16.273 INFO [main] org.apache.catalina.startup.VersionLoggerListener.log Command line argument: --add-opens=java.base/java.io=ALL-UNNAMED
08-May-2026 13:37:16.274 INFO [main] org.apache.catalina.startup.VersionLoggerListener.log Command line argument: --add-opens=java.base/java.util=ALL-UNNAMED
08-May-2026 13:37:16.274 INFO [main] org.apache.catalina.startup.VersionLoggerListener.log Command line argument: --add-opens=java.base/java.util.concurrent=ALL-UNNAMED
08-May-2026 13:37:16.274 INFO [main] org.apache.catalina.startup.VersionLoggerListener.log Command line argument: --add-opens=java.rmi/sun.rmi.transport=ALL-UNNAMED
08-May-2026 13:37:16.274 INFO [main] org.apache.catalina.startup.VersionLoggerListener.log Command line argument: -Dcatalina.base=/home/gajendra-singh-bislawat/Desktop/spring-realestate-api-main/tomcat-server/apache-tomcat-10.1.34
08-May-2026 13:37:16.274 INFO [main] org.apache.catalina.startup.VersionLoggerListener.log Command line argument: -Dcatalina.home=/home/gajendra-singh-bislawat/Desktop/spring-realestate-api-main/tomcat-server/apache-tomcat-10.1.34
08-May-2026 13:37:16.275 INFO [main] org.apache.catalina.startup.VersionLoggerListener.log Command line argument: -Djava.io.tmpdir=/home/gajendra-singh-bislawat/Desktop/spring-realestate-api-main/tomcat-server/apache-tomcat-10.1.34/temp
08-May-2026 13:37:16.280 INFO [main] org.apache.catalina.core.AprLifecycleListener.lifecycleEvent The Apache Tomcat Native library which allows using OpenSSL was not found on the java.library.path: [/usr/java/packages/lib:/usr/lib/x86_64-linux-gnu/jni:/lib/x86_64-linux-gnu:/usr/lib/x86_64-linux-gnu:/usr/lib/jni:/lib:/usr/lib]
08-May-2026 13:37:16.811 INFO [main] org.apache.coyote.AbstractProtocol.init Initializing ProtocolHandler ["http-nio-8080"]
08-May-2026 13:37:16.886 INFO [main] org.apache.catalina.startup.Catalina.load Server initialization in [1041] milliseconds
08-May-2026 13:37:17.001 INFO [main] org.apache.catalina.core.StandardService.startInternal Starting service [Catalina]
08-May-2026 13:37:17.003 INFO [main] org.apache.catalina.core.StandardEngine.startInternal Starting Servlet engine: [Apache Tomcat/10.1.34]
08-May-2026 13:37:17.037 INFO [main] org.apache.catalina.startup.HostConfig.deployWAR Deploying web application archive [/home/gajendra-singh-bislawat/Desktop/spring-realestate-api-main/tomcat-server/apache-tomcat-10.1.34/webapps/realestate-backend-0.0.1-SNAPSHOT.war]
08-May-2026 13:37:22.144 INFO [main] org.apache.jasper.servlet.TldScanner.scanJars At least one JAR was scanned for TLDs yet contained no TLDs. Enable debug logging for this logger for a complete list of JARs that were scanned but no TLDs were found in them. Skipping unneeded JARs during scanning can improve startup time and JSP compilation time.
08-May-2026 13:37:43.846 INFO [main] org.apache.catalina.startup.HostConfig.deployWAR Deployment of web application archive [/home/gajendra-singh-bislawat/Desktop/spring-realestate-api-main/tomcat-server/apache-tomcat-10.1.34/webapps/realestate-backend-0.0.1-SNAPSHOT.war] has finished in [26,805] ms
08-May-2026 13:37:43.849 INFO [main] org.apache.catalina.startup.HostConfig.deployDirectory Deploying web application directory [/home/gajendra-singh-bislawat/Desktop/spring-realestate-api-main/tomcat-server/apache-tomcat-10.1.34/webapps/manager]
08-May-2026 13:37:43.902 INFO [main] org.apache.catalina.startup.HostConfig.deployDirectory Deployment of web application directory [/home/gajendra-singh-bislawat/Desktop/spring-realestate-api-main/tomcat-server/apache-tomcat-10.1.34/webapps/manager] has finished in [53] ms
08-May-2026 13:37:43.903 INFO [main] org.apache.catalina.startup.HostConfig.deployDirectory Deploying web application directory [/home/gajendra-singh-bislawat/Desktop/spring-realestate-api-main/tomcat-server/apache-tomcat-10.1.34/webapps/docs]
08-May-2026 13:37:43.929 INFO [main] org.apache.catalina.startup.HostConfig.deployDirectory Deployment of web application directory [/home/gajendra-singh-bislawat/Desktop/spring-realestate-api-main/tomcat-server/apache-tomcat-10.1.34/webapps/docs] has finished in [26] ms
08-May-2026 13:37:43.930 INFO [main] org.apache.catalina.startup.HostConfig.deployDirectory Deploying web application directory [/home/gajendra-singh-bislawat/Desktop/spring-realestate-api-main/tomcat-server/apache-tomcat-10.1.34/webapps/examples]
08-May-2026 13:37:44.156 INFO [main] org.apache.catalina.startup.HostConfig.deployDirectory Deployment of web application directory [/home/gajendra-singh-bislawat/Desktop/spring-realestate-api-main/tomcat-server/apache-tomcat-10.1.34/webapps/examples] has finished in [226] ms
08-May-2026 13:37:44.156 INFO [main] org.apache.catalina.startup.HostConfig.deployDirectory Deploying web application directory [/home/gajendra-singh-bislawat/Desktop/spring-realestate-api-main/tomcat-server/apache-tomcat-10.1.34/webapps/host-manager]
08-May-2026 13:37:44.189 INFO [main] org.apache.catalina.startup.HostConfig.deployDirectory Deployment of web application directory [/home/gajendra-singh-bislawat/Desktop/spring-realestate-api-main/tomcat-server/apache-tomcat-10.1.34/webapps/host-manager] has finished in [32] ms
08-May-2026 13:37:44.190 INFO [main] org.apache.catalina.startup.HostConfig.deployDirectory Deploying web application directory [/home/gajendra-singh-bislawat/Desktop/spring-realestate-api-main/tomcat-server/apache-tomcat-10.1.34/webapps/ROOT]
08-May-2026 13:37:44.222 INFO [main] org.apache.catalina.startup.HostConfig.deployDirectory Deployment of web application directory [/home/gajendra-singh-bislawat/Desktop/spring-realestate-api-main/tomcat-server/apache-tomcat-10.1.34/webapps/ROOT] has finished in [32] ms
08-May-2026 13:37:44.230 INFO [main] org.apache.coyote.AbstractProtocol.start Starting ProtocolHandler ["http-nio-8080"]
08-May-2026 13:37:44.285 INFO [main] org.apache.catalina.startup.Catalina.start Server startup in [27397] milliseconds
08-May-2026 13:38:02.017 INFO [main] org.apache.catalina.core.StandardServer.await A valid shutdown command was received via the shutdown port. Stopping the Server instance.
08-May-2026 13:38:02.018 INFO [main] org.apache.coyote.AbstractProtocol.pause Pausing ProtocolHandler ["http-nio-8080"]
08-May-2026 13:38:02.019 INFO [main] org.apache.catalina.core.StandardService.stopInternal Stopping service [Catalina]
08-May-2026 13:38:02.073 WARNING [main] org.apache.catalina.loader.WebappClassLoaderBase.clearReferencesThreads The web application [realestate-backend-0.0.1-SNAPSHOT] appears to have started a thread named [mysql-cj-abandoned-connection-cleanup] but has failed to stop it. This is very likely to create a memory leak. Stack trace of thread:
 java.base@17.0.18/java.lang.Object.wait(Native Method)
 java.base@17.0.18/java.lang.ref.ReferenceQueue.remove(ReferenceQueue.java:155)
 com.mysql.cj.jdbc.AbandonedConnectionCleanupThread.run(AbandonedConnectionCleanupThread.java:84)
 java.base@17.0.18/java.util.concurrent.ThreadPoolExecutor.runWorker(ThreadPoolExecutor.java:1136)
 java.base@17.0.18/java.util.concurrent.ThreadPoolExecutor$Worker.run(ThreadPoolExecutor.java:635)
 java.base@17.0.18/java.lang.Thread.run(Thread.java:840)
08-May-2026 13:38:02.074 SEVERE [main] org.apache.catalina.loader.WebappClassLoaderBase.checkThreadLocalMapForLeaks The web application [realestate-backend-0.0.1-SNAPSHOT] created a ThreadLocal with key of type [java.lang.ThreadLocal] (value [java.lang.ThreadLocal@da066fb]) and a value of type [org.springframework.security.core.context.ThreadLocalSecurityContextHolderStrategy$$Lambda$1986/0x00007e2460c58410] (value [org.springframework.security.core.context.ThreadLocalSecurityContextHolderStrategy$$Lambda$1986/0x00007e2460c58410@4995e820]) but failed to remove it when the web application was stopped. Threads are going to be renewed over time to try and avoid a probable memory leak.
08-May-2026 13:38:02.082 INFO [main] org.apache.coyote.AbstractProtocol.stop Stopping ProtocolHandler ["http-nio-8080"]
08-May-2026 13:38:02.095 INFO [main] org.apache.coyote.AbstractProtocol.destroy Destroying ProtocolHandler ["http-nio-8080"]
08-May-2026 13:38:07.580 INFO [main] org.apache.catalina.startup.VersionLoggerListener.log Server version name:   Apache Tomcat/10.1.34
08-May-2026 13:38:07.589 INFO [main] org.apache.catalina.startup.VersionLoggerListener.log Server built:          Dec 5 2024 16:01:16 UTC
08-May-2026 13:38:07.589 INFO [main] org.apache.catalina.startup.VersionLoggerListener.log Server version number: 10.1.34.0
08-May-2026 13:38:07.589 INFO [main] org.apache.catalina.startup.VersionLoggerListener.log OS Name:               Linux
08-May-2026 13:38:07.589 INFO [main] org.apache.catalina.startup.VersionLoggerListener.log OS Version:            6.17.0-22-generic
08-May-2026 13:38:07.589 INFO [main] org.apache.catalina.startup.VersionLoggerListener.log Architecture:          amd64
08-May-2026 13:38:07.589 INFO [main] org.apache.catalina.startup.VersionLoggerListener.log Java Home:             /usr/lib/jvm/java-17-openjdk-amd64
08-May-2026 13:38:07.590 INFO [main] org.apache.catalina.startup.VersionLoggerListener.log JVM Version:           17.0.18+8-Ubuntu-124.04.1
08-May-2026 13:38:07.590 INFO [main] org.apache.catalina.startup.VersionLoggerListener.log JVM Vendor:            Ubuntu
08-May-2026 13:38:07.590 INFO [main] org.apache.catalina.startup.VersionLoggerListener.log CATALINA_BASE:         /home/gajendra-singh-bislawat/Desktop/spring-realestate-api-main/tomcat-server/apache-tomcat-10.1.34
08-May-2026 13:38:07.590 INFO [main] org.apache.catalina.startup.VersionLoggerListener.log CATALINA_HOME:         /home/gajendra-singh-bislawat/Desktop/spring-realestate-api-main/tomcat-server/apache-tomcat-10.1.34
08-May-2026 13:38:07.607 INFO [main] org.apache.catalina.startup.VersionLoggerListener.log Command line argument: -Djava.util.logging.config.file=/home/gajendra-singh-bislawat/Desktop/spring-realestate-api-main/tomcat-server/apache-tomcat-10.1.34/conf/logging.properties
08-May-2026 13:38:07.607 INFO [main] org.apache.catalina.startup.VersionLoggerListener.log Command line argument: -Djava.util.logging.manager=org.apache.juli.ClassLoaderLogManager
08-May-2026 13:38:07.607 INFO [main] org.apache.catalina.startup.VersionLoggerListener.log Command line argument: -Djdk.tls.ephemeralDHKeySize=2048
08-May-2026 13:38:07.607 INFO [main] org.apache.catalina.startup.VersionLoggerListener.log Command line argument: -Djava.protocol.handler.pkgs=org.apache.catalina.webresources
08-May-2026 13:38:07.608 INFO [main] org.apache.catalina.startup.VersionLoggerListener.log Command line argument: -Dorg.apache.catalina.security.SecurityListener.UMASK=0027
08-May-2026 13:38:07.608 INFO [main] org.apache.catalina.startup.VersionLoggerListener.log Command line argument: --add-opens=java.base/java.lang=ALL-UNNAMED
08-May-2026 13:38:07.608 INFO [main] org.apache.catalina.startup.VersionLoggerListener.log Command line argument: --add-opens=java.base/java.io=ALL-UNNAMED
08-May-2026 13:38:07.608 INFO [main] org.apache.catalina.startup.VersionLoggerListener.log Command line argument: --add-opens=java.base/java.util=ALL-UNNAMED
08-May-2026 13:38:07.608 INFO [main] org.apache.catalina.startup.VersionLoggerListener.log Command line argument: --add-opens=java.base/java.util.concurrent=ALL-UNNAMED
08-May-2026 13:38:07.609 INFO [main] org.apache.catalina.startup.VersionLoggerListener.log Command line argument: --add-opens=java.rmi/sun.rmi.transport=ALL-UNNAMED
08-May-2026 13:38:07.609 INFO [main] org.apache.catalina.startup.VersionLoggerListener.log Command line argument: -Dcatalina.base=/home/gajendra-singh-bislawat/Desktop/spring-realestate-api-main/tomcat-server/apache-tomcat-10.1.34
08-May-2026 13:38:07.609 INFO [main] org.apache.catalina.startup.VersionLoggerListener.log Command line argument: -Dcatalina.home=/home/gajendra-singh-bislawat/Desktop/spring-realestate-api-main/tomcat-server/apache-tomcat-10.1.34
08-May-2026 13:38:07.609 INFO [main] org.apache.catalina.startup.VersionLoggerListener.log Command line argument: -Djava.io.tmpdir=/home/gajendra-singh-bislawat/Desktop/spring-realestate-api-main/tomcat-server/apache-tomcat-10.1.34/temp
08-May-2026 13:38:07.612 INFO [main] org.apache.catalina.core.AprLifecycleListener.lifecycleEvent The Apache Tomcat Native library which allows using OpenSSL was not found on the java.library.path: [/usr/java/packages/lib:/usr/lib/x86_64-linux-gnu/jni:/lib/x86_64-linux-gnu:/usr/lib/x86_64-linux-gnu:/usr/lib/jni:/lib:/usr/lib]
08-May-2026 13:38:08.026 INFO [main] org.apache.coyote.AbstractProtocol.init Initializing ProtocolHandler ["http-nio-8090"]
08-May-2026 13:38:08.104 INFO [main] org.apache.catalina.startup.Catalina.load Server initialization in [892] milliseconds
08-May-2026 13:38:08.222 INFO [main] org.apache.catalina.core.StandardService.startInternal Starting service [Catalina]
08-May-2026 13:38:08.222 INFO [main] org.apache.catalina.core.StandardEngine.startInternal Starting Servlet engine: [Apache Tomcat/10.1.34]
08-May-2026 13:38:08.257 INFO [main] org.apache.catalina.startup.HostConfig.deployWAR Deploying web application archive [/home/gajendra-singh-bislawat/Desktop/spring-realestate-api-main/tomcat-server/apache-tomcat-10.1.34/webapps/realestate-backend-0.0.1-SNAPSHOT.war]
08-May-2026 13:38:13.059 INFO [main] org.apache.jasper.servlet.TldScanner.scanJars At least one JAR was scanned for TLDs yet contained no TLDs. Enable debug logging for this logger for a complete list of JARs that were scanned but no TLDs were found in them. Skipping unneeded JARs during scanning can improve startup time and JSP compilation time.
08-May-2026 13:38:43.380 INFO [main] org.apache.catalina.startup.HostConfig.deployWAR Deployment of web application archive [/home/gajendra-singh-bislawat/Desktop/spring-realestate-api-main/tomcat-server/apache-tomcat-10.1.34/webapps/realestate-backend-0.0.1-SNAPSHOT.war] has finished in [35,124] ms
08-May-2026 13:38:43.381 INFO [main] org.apache.catalina.startup.HostConfig.deployDirectory Deploying web application directory [/home/gajendra-singh-bislawat/Desktop/spring-realestate-api-main/tomcat-server/apache-tomcat-10.1.34/webapps/manager]
08-May-2026 13:38:43.401 INFO [main] org.apache.catalina.startup.HostConfig.deployDirectory Deployment of web application directory [/home/gajendra-singh-bislawat/Desktop/spring-realestate-api-main/tomcat-server/apache-tomcat-10.1.34/webapps/manager] has finished in [20] ms
08-May-2026 13:38:43.402 INFO [main] org.apache.catalina.startup.HostConfig.deployDirectory Deploying web application directory [/home/gajendra-singh-bislawat/Desktop/spring-realestate-api-main/tomcat-server/apache-tomcat-10.1.34/webapps/docs]
08-May-2026 13:38:43.417 INFO [main] org.apache.catalina.startup.HostConfig.deployDirectory Deployment of web application directory [/home/gajendra-singh-bislawat/Desktop/spring-realestate-api-main/tomcat-server/apache-tomcat-10.1.34/webapps/docs] has finished in [15] ms
08-May-2026 13:38:43.417 INFO [main] org.apache.catalina.startup.HostConfig.deployDirectory Deploying web application directory [/home/gajendra-singh-bislawat/Desktop/spring-realestate-api-main/tomcat-server/apache-tomcat-10.1.34/webapps/examples]
08-May-2026 13:38:43.512 INFO [main] org.apache.catalina.startup.HostConfig.deployDirectory Deployment of web application directory [/home/gajendra-singh-bislawat/Desktop/spring-realestate-api-main/tomcat-server/apache-tomcat-10.1.34/webapps/examples] has finished in [95] ms
08-May-2026 13:38:43.512 INFO [main] org.apache.catalina.startup.HostConfig.deployDirectory Deploying web application directory [/home/gajendra-singh-bislawat/Desktop/spring-realestate-api-main/tomcat-server/apache-tomcat-10.1.34/webapps/host-manager]
08-May-2026 13:38:43.529 INFO [main] org.apache.catalina.startup.HostConfig.deployDirectory Deployment of web application directory [/home/gajendra-singh-bislawat/Desktop/spring-realestate-api-main/tomcat-server/apache-tomcat-10.1.34/webapps/host-manager] has finished in [17] ms
08-May-2026 13:38:43.529 INFO [main] org.apache.catalina.startup.HostConfig.deployDirectory Deploying web application directory [/home/gajendra-singh-bislawat/Desktop/spring-realestate-api-main/tomcat-server/apache-tomcat-10.1.34/webapps/ROOT]
08-May-2026 13:38:43.546 INFO [main] org.apache.catalina.startup.HostConfig.deployDirectory Deployment of web application directory [/home/gajendra-singh-bislawat/Desktop/spring-realestate-api-main/tomcat-server/apache-tomcat-10.1.34/webapps/ROOT] has finished in [17] ms
08-May-2026 13:38:43.549 INFO [main] org.apache.coyote.AbstractProtocol.start Starting ProtocolHandler ["http-nio-8090"]
08-May-2026 13:38:43.556 INFO [main] org.apache.catalina.startup.Catalina.start Server startup in [35450] milliseconds
08-May-2026 13:54:49.363 INFO [main] org.apache.catalina.core.StandardServer.await A valid shutdown command was received via the shutdown port. Stopping the Server instance.
08-May-2026 13:54:49.382 INFO [main] org.apache.coyote.AbstractProtocol.pause Pausing ProtocolHandler ["http-nio-8090"]
08-May-2026 13:54:49.397 INFO [main] org.apache.catalina.core.StandardService.stopInternal Stopping service [Catalina]
08-May-2026 13:54:50.205 WARNING [main] org.apache.catalina.loader.WebappClassLoaderBase.clearReferencesThreads The web application [realestate-backend-0.0.1-SNAPSHOT] appears to have started a thread named [mysql-cj-abandoned-connection-cleanup] but has failed to stop it. This is very likely to create a memory leak. Stack trace of thread:
 java.base@17.0.18/java.lang.Object.wait(Native Method)
 java.base@17.0.18/java.lang.ref.ReferenceQueue.remove(ReferenceQueue.java:155)
 com.mysql.cj.jdbc.AbandonedConnectionCleanupThread.run(AbandonedConnectionCleanupThread.java:84)
 java.base@17.0.18/java.util.concurrent.ThreadPoolExecutor.runWorker(ThreadPoolExecutor.java:1136)
 java.base@17.0.18/java.util.concurrent.ThreadPoolExecutor$Worker.run(ThreadPoolExecutor.java:635)
 java.base@17.0.18/java.lang.Thread.run(Thread.java:840)
08-May-2026 13:54:50.226 INFO [main] org.apache.coyote.AbstractProtocol.stop Stopping ProtocolHandler ["http-nio-8090"]
08-May-2026 13:54:50.234 INFO [main] org.apache.coyote.AbstractProtocol.destroy Destroying ProtocolHandler ["http-nio-8090"]
08-May-2026 13:56:16.487 INFO [main] org.apache.catalina.startup.VersionLoggerListener.log Server version name:   Apache Tomcat/10.1.34
08-May-2026 13:56:16.490 INFO [main] org.apache.catalina.startup.VersionLoggerListener.log Server built:          Dec 5 2024 16:01:16 UTC
08-May-2026 13:56:16.490 INFO [main] org.apache.catalina.startup.VersionLoggerListener.log Server version number: 10.1.34.0
08-May-2026 13:56:16.490 INFO [main] org.apache.catalina.startup.VersionLoggerListener.log OS Name:               Linux
08-May-2026 13:56:16.490 INFO [main] org.apache.catalina.startup.VersionLoggerListener.log OS Version:            6.17.0-22-generic
08-May-2026 13:56:16.490 INFO [main] org.apache.catalina.startup.VersionLoggerListener.log Architecture:          amd64
08-May-2026 13:56:16.490 INFO [main] org.apache.catalina.startup.VersionLoggerListener.log Java Home:             /usr/lib/jvm/java-17-openjdk-amd64
08-May-2026 13:56:16.490 INFO [main] org.apache.catalina.startup.VersionLoggerListener.log JVM Version:           17.0.18+8-Ubuntu-124.04.1
08-May-2026 13:56:16.490 INFO [main] org.apache.catalina.startup.VersionLoggerListener.log JVM Vendor:            Ubuntu
08-May-2026 13:56:16.490 INFO [main] org.apache.catalina.startup.VersionLoggerListener.log CATALINA_BASE:         /home/gajendra-singh-bislawat/Desktop/spring-realestate-api-main/tomcat-server/apache-tomcat-10.1.34
08-May-2026 13:56:16.490 INFO [main] org.apache.catalina.startup.VersionLoggerListener.log CATALINA_HOME:         /home/gajendra-singh-bislawat/Desktop/spring-realestate-api-main/tomcat-server/apache-tomcat-10.1.34
08-May-2026 13:56:16.496 INFO [main] org.apache.catalina.startup.VersionLoggerListener.log Command line argument: -Djava.util.logging.config.file=/home/gajendra-singh-bislawat/Desktop/spring-realestate-api-main/tomcat-server/apache-tomcat-10.1.34/conf/logging.properties
08-May-2026 13:56:16.496 INFO [main] org.apache.catalina.startup.VersionLoggerListener.log Command line argument: -Djava.util.logging.manager=org.apache.juli.ClassLoaderLogManager
08-May-2026 13:56:16.496 INFO [main] org.apache.catalina.startup.VersionLoggerListener.log Command line argument: -Djdk.tls.ephemeralDHKeySize=2048
08-May-2026 13:56:16.496 INFO [main] org.apache.catalina.startup.VersionLoggerListener.log Command line argument: -Djava.protocol.handler.pkgs=org.apache.catalina.webresources
08-May-2026 13:56:16.496 INFO [main] org.apache.catalina.startup.VersionLoggerListener.log Command line argument: -Dorg.apache.catalina.security.SecurityListener.UMASK=0027
08-May-2026 13:56:16.496 INFO [main] org.apache.catalina.startup.VersionLoggerListener.log Command line argument: --add-opens=java.base/java.lang=ALL-UNNAMED
08-May-2026 13:56:16.496 INFO [main] org.apache.catalina.startup.VersionLoggerListener.log Command line argument: --add-opens=java.base/java.io=ALL-UNNAMED
08-May-2026 13:56:16.496 INFO [main] org.apache.catalina.startup.VersionLoggerListener.log Command line argument: --add-opens=java.base/java.util=ALL-UNNAMED
08-May-2026 13:56:16.497 INFO [main] org.apache.catalina.startup.VersionLoggerListener.log Command line argument: --add-opens=java.base/java.util.concurrent=ALL-UNNAMED
08-May-2026 13:56:16.497 INFO [main] org.apache.catalina.startup.VersionLoggerListener.log Command line argument: --add-opens=java.rmi/sun.rmi.transport=ALL-UNNAMED
08-May-2026 13:56:16.497 INFO [main] org.apache.catalina.startup.VersionLoggerListener.log Command line argument: -Dcatalina.base=/home/gajendra-singh-bislawat/Desktop/spring-realestate-api-main/tomcat-server/apache-tomcat-10.1.34
08-May-2026 13:56:16.497 INFO [main] org.apache.catalina.startup.VersionLoggerListener.log Command line argument: -Dcatalina.home=/home/gajendra-singh-bislawat/Desktop/spring-realestate-api-main/tomcat-server/apache-tomcat-10.1.34
08-May-2026 13:56:16.497 INFO [main] org.apache.catalina.startup.VersionLoggerListener.log Command line argument: -Djava.io.tmpdir=/home/gajendra-singh-bislawat/Desktop/spring-realestate-api-main/tomcat-server/apache-tomcat-10.1.34/temp
08-May-2026 13:56:16.498 INFO [main] org.apache.catalina.core.AprLifecycleListener.lifecycleEvent The Apache Tomcat Native library which allows using OpenSSL was not found on the java.library.path: [/usr/java/packages/lib:/usr/lib/x86_64-linux-gnu/jni:/lib/x86_64-linux-gnu:/usr/lib/x86_64-linux-gnu:/usr/lib/jni:/lib:/usr/lib]
08-May-2026 13:56:16.641 INFO [main] org.apache.coyote.AbstractProtocol.init Initializing ProtocolHandler ["http-nio-8090"]
08-May-2026 13:56:16.661 INFO [main] org.apache.catalina.startup.Catalina.load Server initialization in [275] milliseconds
08-May-2026 13:56:16.686 INFO [main] org.apache.catalina.core.StandardService.startInternal Starting service [Catalina]
08-May-2026 13:56:16.687 INFO [main] org.apache.catalina.core.StandardEngine.startInternal Starting Servlet engine: [Apache Tomcat/10.1.34]
08-May-2026 13:56:16.698 INFO [main] org.apache.catalina.startup.HostConfig.deployWAR Deploying web application archive [/home/gajendra-singh-bislawat/Desktop/spring-realestate-api-main/tomcat-server/apache-tomcat-10.1.34/webapps/realestate-backend-0.0.1-SNAPSHOT.war]
08-May-2026 13:56:18.706 INFO [main] org.apache.jasper.servlet.TldScanner.scanJars At least one JAR was scanned for TLDs yet contained no TLDs. Enable debug logging for this logger for a complete list of JARs that were scanned but no TLDs were found in them. Skipping unneeded JARs during scanning can improve startup time and JSP compilation time.
08-May-2026 13:56:31.155 INFO [main] org.apache.catalina.startup.HostConfig.deployWAR Deployment of web application archive [/home/gajendra-singh-bislawat/Desktop/spring-realestate-api-main/tomcat-server/apache-tomcat-10.1.34/webapps/realestate-backend-0.0.1-SNAPSHOT.war] has finished in [14,456] ms
08-May-2026 13:56:31.155 INFO [main] org.apache.catalina.startup.HostConfig.deployDirectory Deploying web application directory [/home/gajendra-singh-bislawat/Desktop/spring-realestate-api-main/tomcat-server/apache-tomcat-10.1.34/webapps/manager]
08-May-2026 13:56:31.222 INFO [main] org.apache.catalina.startup.HostConfig.deployDirectory Deployment of web application directory [/home/gajendra-singh-bislawat/Desktop/spring-realestate-api-main/tomcat-server/apache-tomcat-10.1.34/webapps/manager] has finished in [67] ms
08-May-2026 13:56:31.223 INFO [main] org.apache.catalina.startup.HostConfig.deployDirectory Deploying web application directory [/home/gajendra-singh-bislawat/Desktop/spring-realestate-api-main/tomcat-server/apache-tomcat-10.1.34/webapps/docs]
08-May-2026 13:56:31.252 INFO [main] org.apache.catalina.startup.HostConfig.deployDirectory Deployment of web application directory [/home/gajendra-singh-bislawat/Desktop/spring-realestate-api-main/tomcat-server/apache-tomcat-10.1.34/webapps/docs] has finished in [29] ms
08-May-2026 13:56:31.254 INFO [main] org.apache.catalina.startup.HostConfig.deployDirectory Deploying web application directory [/home/gajendra-singh-bislawat/Desktop/spring-realestate-api-main/tomcat-server/apache-tomcat-10.1.34/webapps/examples]
08-May-2026 13:56:31.401 INFO [main] org.apache.catalina.startup.HostConfig.deployDirectory Deployment of web application directory [/home/gajendra-singh-bislawat/Desktop/spring-realestate-api-main/tomcat-server/apache-tomcat-10.1.34/webapps/examples] has finished in [148] ms
08-May-2026 13:56:31.401 INFO [main] org.apache.catalina.startup.HostConfig.deployDirectory Deploying web application directory [/home/gajendra-singh-bislawat/Desktop/spring-realestate-api-main/tomcat-server/apache-tomcat-10.1.34/webapps/host-manager]
08-May-2026 13:56:31.411 INFO [main] org.apache.catalina.startup.HostConfig.deployDirectory Deployment of web application directory [/home/gajendra-singh-bislawat/Desktop/spring-realestate-api-main/tomcat-server/apache-tomcat-10.1.34/webapps/host-manager] has finished in [10] ms
08-May-2026 13:56:31.412 INFO [main] org.apache.catalina.startup.HostConfig.deployDirectory Deploying web application directory [/home/gajendra-singh-bislawat/Desktop/spring-realestate-api-main/tomcat-server/apache-tomcat-10.1.34/webapps/ROOT]
08-May-2026 13:56:31.419 INFO [main] org.apache.catalina.startup.HostConfig.deployDirectory Deployment of web application directory [/home/gajendra-singh-bislawat/Desktop/spring-realestate-api-main/tomcat-server/apache-tomcat-10.1.34/webapps/ROOT] has finished in [7] ms
08-May-2026 13:56:31.422 INFO [main] org.apache.coyote.AbstractProtocol.start Starting ProtocolHandler ["http-nio-8090"]
08-May-2026 13:56:31.430 INFO [main] org.apache.catalina.startup.Catalina.start Server startup in [14769] milliseconds
