08-May-2026 13:37:22.216 INFO [main] org.apache.catalina.core.ApplicationContext.log 2 Spring WebApplicationInitializers detected on classpath
08-May-2026 13:37:28.446 INFO [main] org.apache.catalina.core.ApplicationContext.log Initializing Spring embedded WebApplicationContext
08-May-2026 13:37:44.140 INFO [main] org.apache.catalina.core.ApplicationContext.log ContextListener: contextInitialized()
08-May-2026 13:37:44.140 INFO [main] org.apache.catalina.core.ApplicationContext.log SessionListener: contextInitialized()
08-May-2026 13:37:44.144 INFO [main] org.apache.catalina.core.ApplicationContext.log ContextListener: attributeAdded('StockTicker', 'async.Stockticker@46df23fb')
08-May-2026 13:38:02.025 INFO [main] org.apache.catalina.core.ApplicationContext.log SessionListener: contextDestroyed()
08-May-2026 13:38:02.025 INFO [main] org.apache.catalina.core.ApplicationContext.log ContextListener: contextDestroyed()
08-May-2026 13:38:02.029 INFO [main] org.apache.catalina.core.ApplicationContext.log Closing Spring root WebApplicationContext
08-May-2026 13:38:13.114 INFO [main] org.apache.catalina.core.ApplicationContext.log 2 Spring WebApplicationInitializers detected on classpath
08-May-2026 13:38:21.515 INFO [main] org.apache.catalina.core.ApplicationContext.log Initializing Spring embedded WebApplicationContext
08-May-2026 13:38:43.507 INFO [main] org.apache.catalina.core.ApplicationContext.log ContextListener: contextInitialized()
08-May-2026 13:38:43.507 INFO [main] org.apache.catalina.core.ApplicationContext.log SessionListener: contextInitialized()
08-May-2026 13:38:43.508 INFO [main] org.apache.catalina.core.ApplicationContext.log ContextListener: attributeAdded('StockTicker', 'async.Stockticker@4d625288')
08-May-2026 13:38:46.316 INFO [http-nio-8090-exec-1] org.apache.catalina.core.ApplicationContext.log Initializing Spring DispatcherServlet 'dispatcherServlet'
08-May-2026 13:54:49.674 INFO [main] org.apache.catalina.core.ApplicationContext.log SessionListener: contextDestroyed()
08-May-2026 13:54:49.675 INFO [main] org.apache.catalina.core.ApplicationContext.log ContextListener: contextDestroyed()
08-May-2026 13:54:49.692 INFO [main] org.apache.catalina.core.ApplicationContext.log Destroying Spring FrameworkServlet 'dispatcherServlet'
08-May-2026 13:54:49.713 INFO [main] org.apache.catalina.core.ApplicationContext.log Closing Spring root WebApplicationContext
08-May-2026 13:56:18.728 INFO [main] org.apache.catalina.core.ApplicationContext.log 2 Spring WebApplicationInitializers detected on classpath
08-May-2026 13:56:20.949 INFO [main] org.apache.catalina.core.ApplicationContext.log Initializing Spring embedded WebApplicationContext
08-May-2026 13:56:31.397 INFO [main] org.apache.catalina.core.ApplicationContext.log ContextListener: contextInitialized()
08-May-2026 13:56:31.398 INFO [main] org.apache.catalina.core.ApplicationContext.log SessionListener: contextInitialized()
08-May-2026 13:56:31.398 INFO [main] org.apache.catalina.core.ApplicationContext.log ContextListener: attributeAdded('StockTicker', 'async.Stockticker@106d0b89')
